Archive member included to satisfy reference by file (symbol)

lib/Debug/libsystem_config.a(init.o)
                              (Entry)
lib/Debug/libsystem_config.a(startup.o)
                              lib/Debug/libsystem_config.a(init.o) (start_boot)
lib/Debug/libsystem_config.a(cp15.o)
                              lib/Debug/libsystem_config.a(startup.o) (CP15VectorBaseAddrSet)
lib/Debug/libsystem_config.a(exceptionhandler.o)
                              lib/Debug/libsystem_config.a(startup.o) (IRQHandler)
lib/Debug/libsystem_config.a(interrupt.o)
                              lib/Debug/libsystem_config.a(exceptionhandler.o) (fnRAMVectors)
lib/Debug/libsystem_config.a(cpu.o)
                              lib/Debug/libsystem_config.a(exceptionhandler.o) (CPUAbortHandler)
/usr/lib/gcc/arm-none-eabi/4.9.3//libgcc.a(_udivsi3.o)
                              (__aeabi_uidiv)
/usr/lib/gcc/arm-none-eabi/4.9.3//libgcc.a(_divsi3.o)
                              (__aeabi_idiv)
/usr/lib/gcc/arm-none-eabi/4.9.3//libgcc.a(_dvmd_tls.o)
                              /usr/lib/gcc/arm-none-eabi/4.9.3//libgcc.a(_udivsi3.o) (__aeabi_idiv0)

Allocating common symbols
Common symbol       size              file

fnRAMVectors        0x200             lib/Debug/libsystem_config.a(interrupt.o)

Discarded input sections

 .text          0x0000000000000000        0x0 Debug/gpioLED.o
 .data          0x0000000000000000        0x0 Debug/gpioLED.o
 .bss           0x0000000000000000        0x0 Debug/gpioLED.o
 .bss.flagToggle
                0x0000000000000000        0x4 Debug/gpioLED.o
 .text          0x0000000000000000        0x0 Debug/gpioLEDBlink.o
 .data          0x0000000000000000        0x0 Debug/gpioLEDBlink.o
 .bss           0x0000000000000000        0x0 Debug/gpioLEDBlink.o
 .data          0x0000000000000000        0x0 lib/Debug/libsystem_config.a(init.o)
 .bss           0x0000000000000000        0x0 lib/Debug/libsystem_config.a(init.o)
 .text          0x0000000000000000        0x0 lib/Debug/libsystem_config.a(startup.o)
 .data          0x0000000000000000        0x0 lib/Debug/libsystem_config.a(startup.o)
 .bss           0x0000000000000000        0x0 lib/Debug/libsystem_config.a(startup.o)
 .rodata.AM335X_VECTOR_BASE
                0x0000000000000000        0x4 lib/Debug/libsystem_config.a(startup.o)
 .data          0x0000000000000000        0x0 lib/Debug/libsystem_config.a(cp15.o)
 .bss           0x0000000000000000        0x0 lib/Debug/libsystem_config.a(cp15.o)
 .data          0x0000000000000000        0x0 lib/Debug/libsystem_config.a(exceptionhandler.o)
 .bss           0x0000000000000000        0x0 lib/Debug/libsystem_config.a(exceptionhandler.o)
 .text          0x0000000000000000        0x0 lib/Debug/libsystem_config.a(interrupt.o)
 .data          0x0000000000000000        0x0 lib/Debug/libsystem_config.a(interrupt.o)
 .bss           0x0000000000000000        0x0 lib/Debug/libsystem_config.a(interrupt.o)
 .text.IntDefaultHandler
                0x0000000000000000       0x18 lib/Debug/libsystem_config.a(interrupt.o)
 .text.IntRegister
                0x0000000000000000       0x38 lib/Debug/libsystem_config.a(interrupt.o)
 .text.IntUnRegister
                0x0000000000000000       0x38 lib/Debug/libsystem_config.a(interrupt.o)
 .text.IntAINTCInit
                0x0000000000000000       0x94 lib/Debug/libsystem_config.a(interrupt.o)
 .text.IntPrioritySet
                0x0000000000000000       0x58 lib/Debug/libsystem_config.a(interrupt.o)
 .text.IntSystemEnable
                0x0000000000000000       0x54 lib/Debug/libsystem_config.a(interrupt.o)
 .text.IntSystemDisable
                0x0000000000000000       0x54 lib/Debug/libsystem_config.a(interrupt.o)
 .text.IntIfClkFreeRunSet
                0x0000000000000000       0x34 lib/Debug/libsystem_config.a(interrupt.o)
 .text.IntIfClkAutoGateSet
                0x0000000000000000       0x34 lib/Debug/libsystem_config.a(interrupt.o)
 .text.IntActiveIrqNumGet
                0x0000000000000000       0x28 lib/Debug/libsystem_config.a(interrupt.o)
 .text.IntSpurIrqFlagGet
                0x0000000000000000       0x2c lib/Debug/libsystem_config.a(interrupt.o)
 .text.IntProtectionEnable
                0x0000000000000000       0x28 lib/Debug/libsystem_config.a(interrupt.o)
 .text.IntProtectionDisable
                0x0000000000000000       0x34 lib/Debug/libsystem_config.a(interrupt.o)
 .text.IntSyncClkFreeRunSet
                0x0000000000000000       0x34 lib/Debug/libsystem_config.a(interrupt.o)
 .text.IntSyncClkAutoGateSet
                0x0000000000000000       0x34 lib/Debug/libsystem_config.a(interrupt.o)
 .text.IntFuncClkFreeRunSet
                0x0000000000000000       0x34 lib/Debug/libsystem_config.a(interrupt.o)
 .text.IntFuncClkAutoGateSet
                0x0000000000000000       0x34 lib/Debug/libsystem_config.a(interrupt.o)
 .text.IntCurrIrqPriorityGet
                0x0000000000000000       0x28 lib/Debug/libsystem_config.a(interrupt.o)
 .text.IntPriorityThresholdGet
                0x0000000000000000       0x28 lib/Debug/libsystem_config.a(interrupt.o)
 .text.IntPriorityThresholdSet
                0x0000000000000000       0x34 lib/Debug/libsystem_config.a(interrupt.o)
 .text.IntRawStatusGet
                0x0000000000000000       0x5c lib/Debug/libsystem_config.a(interrupt.o)
 .text.IntSoftwareIntSet
                0x0000000000000000       0x50 lib/Debug/libsystem_config.a(interrupt.o)
 .text.IntSoftwareIntClear
                0x0000000000000000       0x50 lib/Debug/libsystem_config.a(interrupt.o)
 .text.IntPendingIrqMaskedStatusGet
                0x0000000000000000       0x58 lib/Debug/libsystem_config.a(interrupt.o)
 .text.IntMasterIRQEnable
                0x0000000000000000       0x1c lib/Debug/libsystem_config.a(interrupt.o)
 .text.IntMasterIRQDisable
                0x0000000000000000       0x1c lib/Debug/libsystem_config.a(interrupt.o)
 .text.IntMasterFIQEnable
                0x0000000000000000       0x1c lib/Debug/libsystem_config.a(interrupt.o)
 .text.IntMasterFIQDisable
                0x0000000000000000       0x1c lib/Debug/libsystem_config.a(interrupt.o)
 .text.IntMasterStatusGet
                0x0000000000000000       0x20 lib/Debug/libsystem_config.a(interrupt.o)
 .text.IntDisable
                0x0000000000000000       0x3c lib/Debug/libsystem_config.a(interrupt.o)
 .text.IntEnable
                0x0000000000000000       0x38 lib/Debug/libsystem_config.a(interrupt.o)
 .text          0x0000000000000000        0x0 lib/Debug/libsystem_config.a(cpu.o)
 .data          0x0000000000000000        0x0 lib/Debug/libsystem_config.a(cpu.o)
 .bss           0x0000000000000000        0x0 lib/Debug/libsystem_config.a(cpu.o)
 .text.CPUSwitchToPrivilegedMode
                0x0000000000000000       0x1c lib/Debug/libsystem_config.a(cpu.o)
 .text.CPUSwitchToUserMode
                0x0000000000000000       0x28 lib/Debug/libsystem_config.a(cpu.o)
 .text.CPUAbortHandler
                0x0000000000000000       0x18 lib/Debug/libsystem_config.a(cpu.o)
 .text.CPUIntStatus
                0x0000000000000000       0x2c lib/Debug/libsystem_config.a(cpu.o)
 .text.CPUirqd  0x0000000000000000       0x28 lib/Debug/libsystem_config.a(cpu.o)
 .text.CPUirqe  0x0000000000000000       0x28 lib/Debug/libsystem_config.a(cpu.o)
 .text.CPUfiqd  0x0000000000000000       0x28 lib/Debug/libsystem_config.a(cpu.o)
 .text.CPUfiqe  0x0000000000000000       0x28 lib/Debug/libsystem_config.a(cpu.o)
 .debug_info    0x0000000000000000       0xcc lib/Debug/libsystem_config.a(cpu.o)
 .debug_abbrev  0x0000000000000000       0x62 lib/Debug/libsystem_config.a(cpu.o)
 .debug_aranges
                0x0000000000000000       0x58 lib/Debug/libsystem_config.a(cpu.o)
 .debug_ranges  0x0000000000000000       0x48 lib/Debug/libsystem_config.a(cpu.o)
 .debug_line    0x0000000000000000       0xd8 lib/Debug/libsystem_config.a(cpu.o)
 .debug_str     0x0000000000000000      0x1ce lib/Debug/libsystem_config.a(cpu.o)
 .comment       0x0000000000000000       0x6f lib/Debug/libsystem_config.a(cpu.o)
 .debug_frame   0x0000000000000000      0x110 lib/Debug/libsystem_config.a(cpu.o)
 .ARM.attributes
                0x0000000000000000       0x3b lib/Debug/libsystem_config.a(cpu.o)
 .data          0x0000000000000000        0x0 /usr/lib/gcc/arm-none-eabi/4.9.3//libgcc.a(_udivsi3.o)
 .bss           0x0000000000000000        0x0 /usr/lib/gcc/arm-none-eabi/4.9.3//libgcc.a(_udivsi3.o)
 .data          0x0000000000000000        0x0 /usr/lib/gcc/arm-none-eabi/4.9.3//libgcc.a(_divsi3.o)
 .bss           0x0000000000000000        0x0 /usr/lib/gcc/arm-none-eabi/4.9.3//libgcc.a(_divsi3.o)
 .data          0x0000000000000000        0x0 /usr/lib/gcc/arm-none-eabi/4.9.3//libgcc.a(_dvmd_tls.o)
 .bss           0x0000000000000000        0x0 /usr/lib/gcc/arm-none-eabi/4.9.3//libgcc.a(_dvmd_tls.o)

Memory Configuration

Name             Origin             Length             Attributes
DDR0             0x0000000080000000 0x0000000010000000
*default*        0x0000000000000000 0xffffffffffffffff

Linker script and memory map

LOAD Debug/gpioLED.o
LOAD Debug/gpioLEDBlink.o
LOAD lib/Debug/libsystem_config.a
LOAD /usr/lib/arm-none-eabi/lib//libc.a
LOAD /usr/lib/gcc/arm-none-eabi/4.9.3//libgcc.a
LOAD lib/Debug/libsystem_config.a

.startcode      0x0000000080000000       0xb4
                0x0000000080000000                . = ALIGN (0x4)
 *init.o(.text)
 .text          0x0000000080000000       0xb4 lib/Debug/libsystem_config.a(init.o)
                0x0000000080000000                Entry

.text           0x00000000800000b4      0xed0
                0x00000000800000b4                . = ALIGN (0x4)
 *(.text*)
 .text.GPIO1_ModuleClkConfig
                0x00000000800000b4       0x4c Debug/gpioLED.o
 .text.GPIOPinMuxSetup
                0x0000000080000100       0xb0 Debug/gpioLED.o
 .text.GPIOModuleEnable
                0x00000000800001b0       0x3c Debug/gpioLED.o
 .text.GPIOModuleReset
                0x00000000800001ec       0x3c Debug/gpioLED.o
 .text.GPIODirModeSet
                0x0000000080000228       0x90 Debug/gpioLED.o
 .text.GPIOPinWrite
                0x00000000800002b8       0x6c Debug/gpioLED.o
                0x00000000800002b8                GPIOPinWrite
 .text.ledInit  0x0000000080000324      0x244 Debug/gpioLED.o
                0x0000000080000324                ledInit
 .text.ledHigh  0x0000000080000568       0x38 Debug/gpioLED.o
                0x0000000080000568                ledHigh
 .text.ledLow   0x00000000800005a0       0x38 Debug/gpioLED.o
                0x00000000800005a0                ledLow
 .text.main     0x00000000800005d8       0x88 Debug/gpioLEDBlink.o
                0x00000000800005d8                main
 .text.butonHigh
                0x0000000080000660       0x5c Debug/gpioLEDBlink.o
                0x0000000080000660                butonHigh
 .text.start_boot
                0x00000000800006bc       0x24 lib/Debug/libsystem_config.a(startup.o)
                0x00000000800006bc                start_boot
 .text.CopyVectorTable
                0x00000000800006e0       0x94 lib/Debug/libsystem_config.a(startup.o)
 .text          0x0000000080000774      0x488 lib/Debug/libsystem_config.a(cp15.o)
                0x0000000080000774                CP15ICacheDisable
                0x0000000080000790                CP15DCacheDisable
                0x00000000800007ac                CP15ICacheEnable
                0x00000000800007bc                CP15DCacheEnable
                0x00000000800007cc                CP15DCacheFlush
                0x0000000080000860                CP15DCacheClean
                0x00000000800008f4                CP15DCacheCleanFlush
                0x0000000080000988                CP15ICacheFlush
                0x0000000080000998                CP15DCacheCleanBuff
                0x00000000800009ec                CP15DCacheCleanFlushBuff
                0x0000000080000a40                CP15DCacheFlushBuff
                0x0000000080000aa4                CP15ICacheFlushBuff
                0x0000000080000af8                CP15Ttb0Set
                0x0000000080000b04                CP15TlbInvalidate
                0x0000000080000b10                CP15MMUDisable
                0x0000000080000b28                CP15MMUEnable
                0x0000000080000b3c                CP15VectorBaseAddrSet
                0x0000000080000b48                CP15BranchPredictorInvalidate
                0x0000000080000b54                CP15BranchPredictionEnable
                0x0000000080000b64                CP15BranchPredictionDisable
                0x0000000080000b74                CP15DomainAccessClientSet
                0x0000000080000b84                CP15ControlFeatureDisable
                0x0000000080000b98                CP15ControlFeatureEnable
                0x0000000080000bac                CP15TtbCtlTtb0Config
                0x0000000080000bbc                CP15AuxControlFeatureEnable
                0x0000000080000bd0                CP15AuxControlFeatureDisable
                0x0000000080000be4                CP15MainIdPrimPartNumGet
 .text          0x0000000080000bfc       0xf0 lib/Debug/libsystem_config.a(exceptionhandler.o)
                0x0000000080000bfc                SVC_Handler
                0x0000000080000c24                IRQHandler
                0x0000000080000cd0                FIQHandler
                0x0000000080000cd4                UndefInstHandler
                0x0000000080000cd4                AbortHandler
 .text          0x0000000080000cec      0x114 /usr/lib/gcc/arm-none-eabi/4.9.3//libgcc.a(_udivsi3.o)
                0x0000000080000cec                __udivsi3
                0x0000000080000cec                __aeabi_uidiv
                0x0000000080000de0                __aeabi_uidivmod
 .text          0x0000000080000e00      0x148 /usr/lib/gcc/arm-none-eabi/4.9.3//libgcc.a(_divsi3.o)
                0x0000000080000e00                __aeabi_idiv
                0x0000000080000e00                __divsi3
                0x0000000080000f28                __aeabi_idivmod
 .text          0x0000000080000f48        0x4 /usr/lib/gcc/arm-none-eabi/4.9.3//libgcc.a(_dvmd_tls.o)
                0x0000000080000f48                __aeabi_ldiv0
                0x0000000080000f48                __aeabi_idiv0
 *(.rodata*)
 .rodata.vecTbl
                0x0000000080000f4c       0x38 lib/Debug/libsystem_config.a(startup.o)

.glue_7         0x0000000080000f84        0x0
 .glue_7        0x0000000080000f84        0x0 linker stubs

.glue_7t        0x0000000080000f84        0x0
 .glue_7t       0x0000000080000f84        0x0 linker stubs

.vfp11_veneer   0x0000000080000f84        0x0
 .vfp11_veneer  0x0000000080000f84        0x0 linker stubs

.v4_bx          0x0000000080000f84        0x0
 .v4_bx         0x0000000080000f84        0x0 linker stubs

.iplt           0x0000000080000f84        0x0
 .iplt          0x0000000080000f84        0x0 Debug/gpioLED.o

.rel.dyn        0x0000000080000f84        0x0
 .rel.iplt      0x0000000080000f84        0x0 Debug/gpioLED.o

.data           0x0000000080000f84        0x0
                0x0000000080000f84                . = ALIGN (0x4)
 *(.data*)

.igot.plt       0x0000000080000f84        0x0
 .igot.plt      0x0000000080000f84        0x0 Debug/gpioLED.o

.bss            0x0000000080000f84      0x200
                0x0000000080000f84                . = ALIGN (0x4)
                0x0000000080000f84                _bss_start = .
 *(.bss*)
 *(COMMON)
 COMMON         0x0000000080000f84      0x200 lib/Debug/libsystem_config.a(interrupt.o)
                0x0000000080000f84                fnRAMVectors
                0x0000000080001184                _bss_end = .

.heap           0x0000000080001184      0x800
                0x0000000080001184                . = ALIGN (0x4)
                0x0000000080001184                __end__ = .
                0x0000000080001184                end = __end__
                0x0000000080001184                __HeapBase = __end__
 *(.heap*)
                0x0000000080001984                . = (. + 0x800)
 *fill*         0x0000000080001184      0x800 
                0x0000000080001984                __HeapLimit = .

.stack          0x0000000080001984  0x7fffff8
                0x0000000080001984                . = ALIGN (0x4)
                0x0000000080001984                __StackLimit = .
 *(.stack*)
                0x000000008800197c                . = (. + 0x7fffff8)
 *fill*         0x0000000080001984  0x7fffff8 
                0x000000008800197c                __StackTop = .
                0x000000008800197c                _stack = __StackTop
OUTPUT(Debug/Felipe.out elf32-littlearm)

.debug_info     0x0000000000000000      0xc50
 .debug_info    0x0000000000000000      0x2f4 Debug/gpioLED.o
 .debug_info    0x00000000000002f4       0xc1 Debug/gpioLEDBlink.o
 .debug_info    0x00000000000003b5       0x9f lib/Debug/libsystem_config.a(init.o)
 .debug_info    0x0000000000000454       0xd2 lib/Debug/libsystem_config.a(startup.o)
 .debug_info    0x0000000000000526       0x9f lib/Debug/libsystem_config.a(cp15.o)
 .debug_info    0x00000000000005c5       0xb2 lib/Debug/libsystem_config.a(exceptionhandler.o)
 .debug_info    0x0000000000000677      0x3cf lib/Debug/libsystem_config.a(interrupt.o)
 .debug_info    0x0000000000000a46       0xae /usr/lib/gcc/arm-none-eabi/4.9.3//libgcc.a(_udivsi3.o)
 .debug_info    0x0000000000000af4       0xae /usr/lib/gcc/arm-none-eabi/4.9.3//libgcc.a(_divsi3.o)
 .debug_info    0x0000000000000ba2       0xae /usr/lib/gcc/arm-none-eabi/4.9.3//libgcc.a(_dvmd_tls.o)

.debug_abbrev   0x0000000000000000      0x46e
 .debug_abbrev  0x0000000000000000       0xfe Debug/gpioLED.o
 .debug_abbrev  0x00000000000000fe       0x96 Debug/gpioLEDBlink.o
 .debug_abbrev  0x0000000000000194       0x14 lib/Debug/libsystem_config.a(init.o)
 .debug_abbrev  0x00000000000001a8       0xa2 lib/Debug/libsystem_config.a(startup.o)
 .debug_abbrev  0x000000000000024a       0x14 lib/Debug/libsystem_config.a(cp15.o)
 .debug_abbrev  0x000000000000025e       0x14 lib/Debug/libsystem_config.a(exceptionhandler.o)
 .debug_abbrev  0x0000000000000272      0x1c0 lib/Debug/libsystem_config.a(interrupt.o)
 .debug_abbrev  0x0000000000000432       0x14 /usr/lib/gcc/arm-none-eabi/4.9.3//libgcc.a(_udivsi3.o)
 .debug_abbrev  0x0000000000000446       0x14 /usr/lib/gcc/arm-none-eabi/4.9.3//libgcc.a(_divsi3.o)
 .debug_abbrev  0x000000000000045a       0x14 /usr/lib/gcc/arm-none-eabi/4.9.3//libgcc.a(_dvmd_tls.o)

.debug_aranges  0x0000000000000000      0x280
 .debug_aranges
                0x0000000000000000       0x60 Debug/gpioLED.o
 .debug_aranges
                0x0000000000000060       0x28 Debug/gpioLEDBlink.o
 .debug_aranges
                0x0000000000000088       0x20 lib/Debug/libsystem_config.a(init.o)
 .debug_aranges
                0x00000000000000a8       0x28 lib/Debug/libsystem_config.a(startup.o)
 .debug_aranges
                0x00000000000000d0       0x20 lib/Debug/libsystem_config.a(cp15.o)
 .debug_aranges
                0x00000000000000f0       0x20 lib/Debug/libsystem_config.a(exceptionhandler.o)
 .debug_aranges
                0x0000000000000110      0x110 lib/Debug/libsystem_config.a(interrupt.o)
 .debug_aranges
                0x0000000000000220       0x20 /usr/lib/gcc/arm-none-eabi/4.9.3//libgcc.a(_udivsi3.o)
 .debug_aranges
                0x0000000000000240       0x20 /usr/lib/gcc/arm-none-eabi/4.9.3//libgcc.a(_divsi3.o)
 .debug_aranges
                0x0000000000000260       0x20 /usr/lib/gcc/arm-none-eabi/4.9.3//libgcc.a(_dvmd_tls.o)

.debug_ranges   0x0000000000000000      0x180
 .debug_ranges  0x0000000000000000       0x50 Debug/gpioLED.o
 .debug_ranges  0x0000000000000050       0x18 Debug/gpioLEDBlink.o
 .debug_ranges  0x0000000000000068       0x18 lib/Debug/libsystem_config.a(startup.o)
 .debug_ranges  0x0000000000000080      0x100 lib/Debug/libsystem_config.a(interrupt.o)

.debug_line     0x0000000000000000      0x8e9
 .debug_line    0x0000000000000000      0x128 Debug/gpioLED.o
 .debug_line    0x0000000000000128       0x5f Debug/gpioLEDBlink.o
 .debug_line    0x0000000000000187       0x8d lib/Debug/libsystem_config.a(init.o)
 .debug_line    0x0000000000000214       0x90 lib/Debug/libsystem_config.a(startup.o)
 .debug_line    0x00000000000002a4      0x184 lib/Debug/libsystem_config.a(cp15.o)
 .debug_line    0x0000000000000428       0xb3 lib/Debug/libsystem_config.a(exceptionhandler.o)
 .debug_line    0x00000000000004db      0x2b7 lib/Debug/libsystem_config.a(interrupt.o)
 .debug_line    0x0000000000000792       0x78 /usr/lib/gcc/arm-none-eabi/4.9.3//libgcc.a(_udivsi3.o)
 .debug_line    0x000000000000080a       0x84 /usr/lib/gcc/arm-none-eabi/4.9.3//libgcc.a(_divsi3.o)
 .debug_line    0x000000000000088e       0x5b /usr/lib/gcc/arm-none-eabi/4.9.3//libgcc.a(_dvmd_tls.o)

.debug_str      0x0000000000000000      0x774
 .debug_str     0x0000000000000000      0x2ec Debug/gpioLED.o
 .debug_str     0x00000000000002ec       0x35 Debug/gpioLEDBlink.o
                                        0x11b (size before relaxing)
 .debug_str     0x0000000000000321      0x198 lib/Debug/libsystem_config.a(startup.o)
                                        0x1bc (size before relaxing)
 .debug_str     0x00000000000004b9      0x2bb lib/Debug/libsystem_config.a(interrupt.o)
                                        0x407 (size before relaxing)

.comment        0x0000000000000000       0xa6
 .comment       0x0000000000000000       0x38 Debug/gpioLED.o
                                         0x39 (size before relaxing)
 .comment       0x0000000000000038       0x39 Debug/gpioLEDBlink.o
 .comment       0x0000000000000038       0x6e lib/Debug/libsystem_config.a(startup.o)
                                         0x6f (size before relaxing)
 .comment       0x00000000000000a6       0x6f lib/Debug/libsystem_config.a(interrupt.o)

.ARM.attributes
                0x0000000000000000       0x39
 .ARM.attributes
                0x0000000000000000       0x37 Debug/gpioLED.o
 .ARM.attributes
                0x0000000000000037       0x37 Debug/gpioLEDBlink.o
 .ARM.attributes
                0x000000000000006e       0x29 lib/Debug/libsystem_config.a(init.o)
 .ARM.attributes
                0x0000000000000097       0x3b lib/Debug/libsystem_config.a(startup.o)
 .ARM.attributes
                0x00000000000000d2       0x29 lib/Debug/libsystem_config.a(cp15.o)
 .ARM.attributes
                0x00000000000000fb       0x29 lib/Debug/libsystem_config.a(exceptionhandler.o)
 .ARM.attributes
                0x0000000000000124       0x3b lib/Debug/libsystem_config.a(interrupt.o)
 .ARM.attributes
                0x000000000000015f       0x18 /usr/lib/gcc/arm-none-eabi/4.9.3//libgcc.a(_udivsi3.o)
 .ARM.attributes
                0x0000000000000177       0x18 /usr/lib/gcc/arm-none-eabi/4.9.3//libgcc.a(_divsi3.o)
 .ARM.attributes
                0x000000000000018f       0x18 /usr/lib/gcc/arm-none-eabi/4.9.3//libgcc.a(_dvmd_tls.o)

.debug_frame    0x0000000000000000      0x5e8
 .debug_frame   0x0000000000000000      0x134 Debug/gpioLED.o
 .debug_frame   0x0000000000000134       0x4c Debug/gpioLEDBlink.o
 .debug_frame   0x0000000000000180       0x4c lib/Debug/libsystem_config.a(startup.o)
 .debug_frame   0x00000000000001cc      0x3dc lib/Debug/libsystem_config.a(interrupt.o)
 .debug_frame   0x00000000000005a8       0x20 /usr/lib/gcc/arm-none-eabi/4.9.3//libgcc.a(_udivsi3.o)
 .debug_frame   0x00000000000005c8       0x20 /usr/lib/gcc/arm-none-eabi/4.9.3//libgcc.a(_divsi3.o)
