Archive member included to satisfy reference by file (symbol)

lib/Debug/libsystem_config.a(init.o)
                              (Entry)
lib/Debug/libsystem_config.a(startup.o)
                              lib/Debug/libsystem_config.a(init.o) (start_boot)
lib/Debug/libsystem_config.a(cp15.o)
                              lib/Debug/libsystem_config.a(startup.o) (CP15VectorBaseAddrSet)
lib/Debug/libsystem_config.a(exceptionhandler.o)
                              lib/Debug/libsystem_config.a(startup.o) (IRQHandler)
lib/Debug/libsystem_config.a(interrupt.o)
                              lib/Debug/libsystem_config.a(exceptionhandler.o) (fnRAMVectors)
lib/Debug/libsystem_config.a(cpu.o)
                              lib/Debug/libsystem_config.a(exceptionhandler.o) (CPUAbortHandler)
/usr/lib/gcc/arm-none-eabi/4.9.3//libgcc.a(_udivsi3.o)
                              (__aeabi_uidiv)
/usr/lib/gcc/arm-none-eabi/4.9.3//libgcc.a(_divsi3.o)
                              (__aeabi_idiv)
/usr/lib/gcc/arm-none-eabi/4.9.3//libgcc.a(_dvmd_tls.o)
                              /usr/lib/gcc/arm-none-eabi/4.9.3//libgcc.a(_udivsi3.o) (__aeabi_idiv0)

Allocating common symbols
Common symbol       size              file

fnRAMVectors        0x200             lib/Debug/libsystem_config.a(interrupt.o)

Discarded input sections

 .text          0x0000000000000000        0x0 Debug/gpioLED.o
 .data          0x0000000000000000        0x0 Debug/gpioLED.o
 .bss           0x0000000000000000        0x0 Debug/gpioLED.o
 .bss.flagToggle
                0x0000000000000000        0x4 Debug/gpioLED.o
 .text          0x0000000000000000        0x0 Debug/gpioLEDBlink.o
 .data          0x0000000000000000        0x0 Debug/gpioLEDBlink.o
 .bss           0x0000000000000000        0x0 Debug/gpioLEDBlink.o
 .data          0x0000000000000000        0x0 lib/Debug/libsystem_config.a(init.o)
 .bss           0x0000000000000000        0x0 lib/Debug/libsystem_config.a(init.o)
 .text          0x0000000000000000        0x0 lib/Debug/libsystem_config.a(startup.o)
 .data          0x0000000000000000        0x0 lib/Debug/libsystem_config.a(startup.o)
 .bss           0x0000000000000000        0x0 lib/Debug/libsystem_config.a(startup.o)
 .rodata.AM335X_VECTOR_BASE
                0x0000000000000000        0x4 lib/Debug/libsystem_config.a(startup.o)
 .data          0x0000000000000000        0x0 lib/Debug/libsystem_config.a(cp15.o)
 .bss           0x0000000000000000        0x0 lib/Debug/libsystem_config.a(cp15.o)
 .data          0x0000000000000000        0x0 lib/Debug/libsystem_config.a(exceptionhandler.o)
 .bss           0x0000000000000000        0x0 lib/Debug/libsystem_config.a(exceptionhandler.o)
 .text          0x0000000000000000        0x0 lib/Debug/libsystem_config.a(interrupt.o)
 .data          0x0000000000000000        0x0 lib/Debug/libsystem_config.a(interrupt.o)
 .bss           0x0000000000000000        0x0 lib/Debug/libsystem_config.a(interrupt.o)
 .text.IntDefaultHandler
                0x0000000000000000       0x18 lib/Debug/libsystem_config.a(interrupt.o)
 .text.IntRegister
                0x0000000000000000       0x38 lib/Debug/libsystem_config.a(interrupt.o)
 .text.IntUnRegister
                0x0000000000000000       0x38 lib/Debug/libsystem_config.a(interrupt.o)
 .text.IntAINTCInit
                0x0000000000000000       0x94 lib/Debug/libsystem_config.a(interrupt.o)
 .text.IntPrioritySet
                0x0000000000000000       0x58 lib/Debug/libsystem_config.a(interrupt.o)
 .text.IntSystemEnable
                0x0000000000000000       0x54 lib/Debug/libsystem_config.a(interrupt.o)
 .text.IntSystemDisable
                0x0000000000000000       0x54 lib/Debug/libsystem_config.a(interrupt.o)
 .text.IntIfClkFreeRunSet
                0x0000000000000000       0x34 lib/Debug/libsystem_config.a(interrupt.o)
 .text.IntIfClkAutoGateSet
                0x0000000000000000       0x34 lib/Debug/libsystem_config.a(interrupt.o)
 .text.IntActiveIrqNumGet
                0x0000000000000000       0x28 lib/Debug/libsystem_config.a(interrupt.o)
 .text.IntSpurIrqFlagGet
                0x0000000000000000       0x2c lib/Debug/libsystem_config.a(interrupt.o)
 .text.IntProtectionEnable
                0x0000000000000000       0x28 lib/Debug/libsystem_config.a(interrupt.o)
 .text.IntProtectionDisable
                0x0000000000000000       0x34 lib/Debug/libsystem_config.a(interrupt.o)
 .text.IntSyncClkFreeRunSet
                0x0000000000000000       0x34 lib/Debug/libsystem_config.a(interrupt.o)
 .text.IntSyncClkAutoGateSet
                0x0000000000000000       0x34 lib/Debug/libsystem_config.a(interrupt.o)
 .text.IntFuncClkFreeRunSet
                0x0000000000000000       0x34 lib/Debug/libsystem_config.a(interrupt.o)
 .text.IntFuncClkAutoGateSet
                0x0000000000000000       0x34 lib/Debug/libsystem_config.a(interrupt.o)
 .text.IntCurrIrqPriorityGet
                0x0000000000000000       0x28 lib/Debug/libsystem_config.a(interrupt.o)
 .text.IntPriorityThresholdGet
                0x0000000000000000       0x28 lib/Debug/libsystem_config.a(interrupt.o)
 .text.IntPriorityThresholdSet
                0x0000000000000000       0x34 lib/Debug/libsystem_config.a(interrupt.o)
 .text.IntRawStatusGet
                0x0000000000000000       0x5c lib/Debug/libsystem_config.a(interrupt.o)
 .text.IntSoftwareIntSet
                0x0000000000000000       0x50 lib/Debug/libsystem_config.a(interrupt.o)
 .text.IntSoftwareIntClear
                0x0000000000000000       0x50 lib/Debug/libsystem_config.a(interrupt.o)
 .text.IntPendingIrqMaskedStatusGet
                0x0000000000000000       0x58 lib/Debug/libsystem_config.a(interrupt.o)
 .text.IntMasterIRQEnable
                0x0000000000000000       0x1c lib/Debug/libsystem_config.a(interrupt.o)
 .text.IntMasterIRQDisable
                0x0000000000000000       0x1c lib/Debug/libsystem_config.a(interrupt.o)
 .text.IntMasterFIQEnable
                0x0000000000000000       0x1c lib/Debug/libsystem_config.a(interrupt.o)
 .text.IntMasterFIQDisable
                0x0000000000000000       0x1c lib/Debug/libsystem_config.a(interrupt.o)
 .text.IntMasterStatusGet
                0x0000000000000000       0x20 lib/Debug/libsystem_config.a(interrupt.o)
 .text.IntDisable
                0x0000000000000000       0x3c lib/Debug/libsystem_config.a(interrupt.o)
 .text.IntEnable
                0x0000000000000000       0x38 lib/Debug/libsystem_config.a(interrupt.o)
 .text          0x0000000000000000        0x0 lib/Debug/libsystem_config.a(cpu.o)
 .data          0x0000000000000000        0x0 lib/Debug/libsystem_config.a(cpu.o)
 .bss           0x0000000000000000        0x0 lib/Debug/libsystem_config.a(cpu.o)
 .text.CPUSwitchToPrivilegedMode
                0x0000000000000000       0x1c lib/Debug/libsystem_config.a(cpu.o)
 .text.CPUSwitchToUserMode
                0x0000000000000000       0x28 lib/Debug/libsystem_config.a(cpu.o)
 .text.CPUAbortHandler
                0x0000000000000000       0x18 lib/Debug/libsystem_config.a(cpu.o)
 .text.CPUIntStatus
                0x0000000000000000       0x2c lib/Debug/libsystem_config.a(cpu.o)
 .text.CPUirqd  0x0000000000000000       0x28 lib/Debug/libsystem_config.a(cpu.o)
 .text.CPUirqe  0x0000000000000000       0x28 lib/Debug/libsystem_config.a(cpu.o)
 .text.CPUfiqd  0x0000000000000000       0x28 lib/Debug/libsystem_config.a(cpu.o)
 .text.CPUfiqe  0x0000000000000000       0x28 lib/Debug/libsystem_config.a(cpu.o)
 .debug_info    0x0000000000000000       0xcc lib/Debug/libsystem_config.a(cpu.o)
 .debug_abbrev  0x0000000000000000       0x62 lib/Debug/libsystem_config.a(cpu.o)
 .debug_aranges
                0x0000000000000000       0x58 lib/Debug/libsystem_config.a(cpu.o)
 .debug_ranges  0x0000000000000000       0x48 lib/Debug/libsystem_config.a(cpu.o)
 .debug_line    0x0000000000000000       0xd8 lib/Debug/libsystem_config.a(cpu.o)
 .debug_str     0x0000000000000000      0x1ce lib/Debug/libsystem_config.a(cpu.o)
 .comment       0x0000000000000000       0x6f lib/Debug/libsystem_config.a(cpu.o)
 .debug_frame   0x0000000000000000      0x110 lib/Debug/libsystem_config.a(cpu.o)
 .ARM.attributes
                0x0000000000000000       0x3b lib/Debug/libsystem_config.a(cpu.o)
 .data          0x0000000000000000        0x0 /usr/lib/gcc/arm-none-eabi/4.9.3//libgcc.a(_udivsi3.o)
 .bss           0x0000000000000000        0x0 /usr/lib/gcc/arm-none-eabi/4.9.3//libgcc.a(_udivsi3.o)
 .data          0x0000000000000000        0x0 /usr/lib/gcc/arm-none-eabi/4.9.3//libgcc.a(_divsi3.o)
 .bss           0x0000000000000000        0x0 /usr/lib/gcc/arm-none-eabi/4.9.3//libgcc.a(_divsi3.o)
 .data          0x0000000000000000        0x0 /usr/lib/gcc/arm-none-eabi/4.9.3//libgcc.a(_dvmd_tls.o)
 .bss           0x0000000000000000        0x0 /usr/lib/gcc/arm-none-eabi/4.9.3//libgcc.a(_dvmd_tls.o)

Memory Configuration

Name             Origin             Length             Attributes
DDR0             0x0000000080000000 0x0000000010000000
*default*        0x0000000000000000 0xffffffffffffffff

Linker script and memory map

LOAD Debug/gpioLED.o
LOAD Debug/gpioLEDBlink.o
LOAD lib/Debug/libsystem_config.a
LOAD /usr/lib/arm-none-eabi/lib//libc.a
LOAD /usr/lib/gcc/arm-none-eabi/4.9.3//libgcc.a
LOAD lib/Debug/libsystem_config.a

.startcode      0x0000000080000000       0xb4
                0x0000000080000000                . = ALIGN (0x4)
 *init.o(.text)
 .text          0x0000000080000000       0xb4 lib/Debug/libsystem_config.a(init.o)
                0x0000000080000000                Entry

.text           0x00000000800000b4     0x1134
                0x00000000800000b4                . = ALIGN (0x4)
 *(.text*)
 .text.GPIO1_ModuleClkConfig
                0x00000000800000b4       0x4c Debug/gpioLED.o
 .text.GPIOPinMuxSetup
                0x0000000080000100       0x38 Debug/gpioLED.o
 .text.GPIOPinMuxSetupInput
                0x0000000080000138       0xb0 Debug/gpioLED.o
                0x0000000080000138                GPIOPinMuxSetupInput
 .text.GPIOModuleEnable
                0x00000000800001e8       0x3c Debug/gpioLED.o
 .text.GPIOModuleReset
                0x0000000080000224       0x3c Debug/gpioLED.o
 .text.GPIODirModeSet
                0x0000000080000260       0x90 Debug/gpioLED.o
 .text.GPIOPinWrite
                0x00000000800002f0       0x6c Debug/gpioLED.o
 .text.ledInit  0x000000008000035c      0x23c Debug/gpioLED.o
                0x000000008000035c                ledInit
 .text.input    0x0000000080000598      0x23c Debug/gpioLED.o
                0x0000000080000598                input
 .text.ledHigh  0x00000000800007d4       0x38 Debug/gpioLED.o
                0x00000000800007d4                ledHigh
 .text.ledLow   0x000000008000080c       0x38 Debug/gpioLED.o
                0x000000008000080c                ledLow
 .text.main     0x0000000080000844       0x80 Debug/gpioLEDBlink.o
                0x0000000080000844                main
 .text.butonHigh
                0x00000000800008c4       0x5c Debug/gpioLEDBlink.o
                0x00000000800008c4                butonHigh
 .text.start_boot
                0x0000000080000920       0x24 lib/Debug/libsystem_config.a(startup.o)
                0x0000000080000920                start_boot
 .text.CopyVectorTable
                0x0000000080000944       0x94 lib/Debug/libsystem_config.a(startup.o)
 .text          0x00000000800009d8      0x488 lib/Debug/libsystem_config.a(cp15.o)
                0x00000000800009d8                CP15ICacheDisable
                0x00000000800009f4                CP15DCacheDisable
                0x0000000080000a10                CP15ICacheEnable
                0x0000000080000a20                CP15DCacheEnable
                0x0000000080000a30                CP15DCacheFlush
                0x0000000080000ac4                CP15DCacheClean
                0x0000000080000b58                CP15DCacheCleanFlush
                0x0000000080000bec                CP15ICacheFlush
                0x0000000080000bfc                CP15DCacheCleanBuff
                0x0000000080000c50                CP15DCacheCleanFlushBuff
                0x0000000080000ca4                CP15DCacheFlushBuff
                0x0000000080000d08                CP15ICacheFlushBuff
                0x0000000080000d5c                CP15Ttb0Set
                0x0000000080000d68                CP15TlbInvalidate
                0x0000000080000d74                CP15MMUDisable
                0x0000000080000d8c                CP15MMUEnable
                0x0000000080000da0                CP15VectorBaseAddrSet
                0x0000000080000dac                CP15BranchPredictorInvalidate
                0x0000000080000db8                CP15BranchPredictionEnable
                0x0000000080000dc8                CP15BranchPredictionDisable
                0x0000000080000dd8                CP15DomainAccessClientSet
                0x0000000080000de8                CP15ControlFeatureDisable
                0x0000000080000dfc                CP15ControlFeatureEnable
                0x0000000080000e10                CP15TtbCtlTtb0Config
                0x0000000080000e20                CP15AuxControlFeatureEnable
                0x0000000080000e34                CP15AuxControlFeatureDisable
                0x0000000080000e48                CP15MainIdPrimPartNumGet
 .text          0x0000000080000e60       0xf0 lib/Debug/libsystem_config.a(exceptionhandler.o)
                0x0000000080000e60                SVC_Handler
                0x0000000080000e88                IRQHandler
                0x0000000080000f34                FIQHandler
                0x0000000080000f38                UndefInstHandler
                0x0000000080000f38                AbortHandler
 .text          0x0000000080000f50      0x114 /usr/lib/gcc/arm-none-eabi/4.9.3//libgcc.a(_udivsi3.o)
                0x0000000080000f50                __udivsi3
                0x0000000080000f50                __aeabi_uidiv
                0x0000000080001044                __aeabi_uidivmod
 .text          0x0000000080001064      0x148 /usr/lib/gcc/arm-none-eabi/4.9.3//libgcc.a(_divsi3.o)
                0x0000000080001064                __aeabi_idiv
                0x0000000080001064                __divsi3
                0x000000008000118c                __aeabi_idivmod
 .text          0x00000000800011ac        0x4 /usr/lib/gcc/arm-none-eabi/4.9.3//libgcc.a(_dvmd_tls.o)
                0x00000000800011ac                __aeabi_ldiv0
                0x00000000800011ac                __aeabi_idiv0
 *(.rodata*)
 .rodata.vecTbl
                0x00000000800011b0       0x38 lib/Debug/libsystem_config.a(startup.o)

.glue_7         0x00000000800011e8        0x0
 .glue_7        0x00000000800011e8        0x0 linker stubs

.glue_7t        0x00000000800011e8        0x0
 .glue_7t       0x00000000800011e8        0x0 linker stubs

.vfp11_veneer   0x00000000800011e8        0x0
 .vfp11_veneer  0x00000000800011e8        0x0 linker stubs

.v4_bx          0x00000000800011e8        0x0
 .v4_bx         0x00000000800011e8        0x0 linker stubs

.iplt           0x00000000800011e8        0x0
 .iplt          0x00000000800011e8        0x0 Debug/gpioLED.o

.rel.dyn        0x00000000800011e8        0x0
 .rel.iplt      0x00000000800011e8        0x0 Debug/gpioLED.o

.data           0x00000000800011e8        0x0
                0x00000000800011e8                . = ALIGN (0x4)
 *(.data*)

.igot.plt       0x00000000800011e8        0x0
 .igot.plt      0x00000000800011e8        0x0 Debug/gpioLED.o

.bss            0x00000000800011e8      0x200
                0x00000000800011e8                . = ALIGN (0x4)
                0x00000000800011e8                _bss_start = .
 *(.bss*)
 *(COMMON)
 COMMON         0x00000000800011e8      0x200 lib/Debug/libsystem_config.a(interrupt.o)
                0x00000000800011e8                fnRAMVectors
                0x00000000800013e8                _bss_end = .

.heap           0x00000000800013e8      0x800
                0x00000000800013e8                . = ALIGN (0x4)
                0x00000000800013e8                __end__ = .
                0x00000000800013e8                end = __end__
                0x00000000800013e8                __HeapBase = __end__
 *(.heap*)
                0x0000000080001be8                . = (. + 0x800)
 *fill*         0x00000000800013e8      0x800 
                0x0000000080001be8                __HeapLimit = .

.stack          0x0000000080001be8  0x7fffff8
                0x0000000080001be8                . = ALIGN (0x4)
                0x0000000080001be8                __StackLimit = .
 *(.stack*)
                0x0000000088001be0                . = (. + 0x7fffff8)
 *fill*         0x0000000080001be8  0x7fffff8 
                0x0000000088001be0                __StackTop = .
                0x0000000088001be0                _stack = __StackTop
OUTPUT(Debug/gpioLedBlink_Felipe.out elf32-littlearm)

.debug_info     0x0000000000000000      0xcae
 .debug_info    0x0000000000000000      0x352 Debug/gpioLED.o
 .debug_info    0x0000000000000352       0xc1 Debug/gpioLEDBlink.o
 .debug_info    0x0000000000000413       0x9f lib/Debug/libsystem_config.a(init.o)
 .debug_info    0x00000000000004b2       0xd2 lib/Debug/libsystem_config.a(startup.o)
 .debug_info    0x0000000000000584       0x9f lib/Debug/libsystem_config.a(cp15.o)
 .debug_info    0x0000000000000623       0xb2 lib/Debug/libsystem_config.a(exceptionhandler.o)
 .debug_info    0x00000000000006d5      0x3cf lib/Debug/libsystem_config.a(interrupt.o)
 .debug_info    0x0000000000000aa4       0xae /usr/lib/gcc/arm-none-eabi/4.9.3//libgcc.a(_udivsi3.o)
 .debug_info    0x0000000000000b52       0xae /usr/lib/gcc/arm-none-eabi/4.9.3//libgcc.a(_divsi3.o)
 .debug_info    0x0000000000000c00       0xae /usr/lib/gcc/arm-none-eabi/4.9.3//libgcc.a(_dvmd_tls.o)

.debug_abbrev   0x0000000000000000      0x47d
 .debug_abbrev  0x0000000000000000      0x10d Debug/gpioLED.o
 .debug_abbrev  0x000000000000010d       0x96 Debug/gpioLEDBlink.o
 .debug_abbrev  0x00000000000001a3       0x14 lib/Debug/libsystem_config.a(init.o)
 .debug_abbrev  0x00000000000001b7       0xa2 lib/Debug/libsystem_config.a(startup.o)
 .debug_abbrev  0x0000000000000259       0x14 lib/Debug/libsystem_config.a(cp15.o)
 .debug_abbrev  0x000000000000026d       0x14 lib/Debug/libsystem_config.a(exceptionhandler.o)
 .debug_abbrev  0x0000000000000281      0x1c0 lib/Debug/libsystem_config.a(interrupt.o)
 .debug_abbrev  0x0000000000000441       0x14 /usr/lib/gcc/arm-none-eabi/4.9.3//libgcc.a(_udivsi3.o)
 .debug_abbrev  0x0000000000000455       0x14 /usr/lib/gcc/arm-none-eabi/4.9.3//libgcc.a(_divsi3.o)
 .debug_abbrev  0x0000000000000469       0x14 /usr/lib/gcc/arm-none-eabi/4.9.3//libgcc.a(_dvmd_tls.o)

.debug_aranges  0x0000000000000000      0x290
 .debug_aranges
                0x0000000000000000       0x70 Debug/gpioLED.o
 .debug_aranges
                0x0000000000000070       0x28 Debug/gpioLEDBlink.o
 .debug_aranges
                0x0000000000000098       0x20 lib/Debug/libsystem_config.a(init.o)
 .debug_aranges
                0x00000000000000b8       0x28 lib/Debug/libsystem_config.a(startup.o)
 .debug_aranges
                0x00000000000000e0       0x20 lib/Debug/libsystem_config.a(cp15.o)
 .debug_aranges
                0x0000000000000100       0x20 lib/Debug/libsystem_config.a(exceptionhandler.o)
 .debug_aranges
                0x0000000000000120      0x110 lib/Debug/libsystem_config.a(interrupt.o)
 .debug_aranges
                0x0000000000000230       0x20 /usr/lib/gcc/arm-none-eabi/4.9.3//libgcc.a(_udivsi3.o)
 .debug_aranges
                0x0000000000000250       0x20 /usr/lib/gcc/arm-none-eabi/4.9.3//libgcc.a(_divsi3.o)
 .debug_aranges
                0x0000000000000270       0x20 /usr/lib/gcc/arm-none-eabi/4.9.3//libgcc.a(_dvmd_tls.o)

.debug_ranges   0x0000000000000000      0x190
 .debug_ranges  0x0000000000000000       0x60 Debug/gpioLED.o
 .debug_ranges  0x0000000000000060       0x18 Debug/gpioLEDBlink.o
 .debug_ranges  0x0000000000000078       0x18 lib/Debug/libsystem_config.a(startup.o)
 .debug_ranges  0x0000000000000090      0x100 lib/Debug/libsystem_config.a(interrupt.o)

.debug_line     0x0000000000000000      0x947
 .debug_line    0x0000000000000000      0x185 Debug/gpioLED.o
 .debug_line    0x0000000000000185       0x60 Debug/gpioLEDBlink.o
 .debug_line    0x00000000000001e5       0x8d lib/Debug/libsystem_config.a(init.o)
 .debug_line    0x0000000000000272       0x90 lib/Debug/libsystem_config.a(startup.o)
 .debug_line    0x0000000000000302      0x184 lib/Debug/libsystem_config.a(cp15.o)
 .debug_line    0x0000000000000486       0xb3 lib/Debug/libsystem_config.a(exceptionhandler.o)
 .debug_line    0x0000000000000539      0x2b7 lib/Debug/libsystem_config.a(interrupt.o)
 .debug_line    0x00000000000007f0       0x78 /usr/lib/gcc/arm-none-eabi/4.9.3//libgcc.a(_udivsi3.o)
 .debug_line    0x0000000000000868       0x84 /usr/lib/gcc/arm-none-eabi/4.9.3//libgcc.a(_divsi3.o)
 .debug_line    0x00000000000008ec       0x5b /usr/lib/gcc/arm-none-eabi/4.9.3//libgcc.a(_dvmd_tls.o)

.debug_str      0x0000000000000000      0x796
 .debug_str     0x0000000000000000      0x30e Debug/gpioLED.o
 .debug_str     0x000000000000030e       0x35 Debug/gpioLEDBlink.o
                                        0x12a (size before relaxing)
 .debug_str     0x0000000000000343      0x198 lib/Debug/libsystem_config.a(startup.o)
                                        0x1bc (size before relaxing)
 .debug_str     0x00000000000004db      0x2bb lib/Debug/libsystem_config.a(interrupt.o)
                                        0x407 (size before relaxing)

.comment        0x0000000000000000       0xa6
 .comment       0x0000000000000000       0x38 Debug/gpioLED.o
                                         0x39 (size before relaxing)
 .comment       0x0000000000000038       0x39 Debug/gpioLEDBlink.o
 .comment       0x0000000000000038       0x6e lib/Debug/libsystem_config.a(startup.o)
                                         0x6f (size before relaxing)
 .comment       0x00000000000000a6       0x6f lib/Debug/libsystem_config.a(interrupt.o)

.ARM.attributes
                0x0000000000000000       0x39
 .ARM.attributes
                0x0000000000000000       0x37 Debug/gpioLED.o
 .ARM.attributes
                0x0000000000000037       0x37 Debug/gpioLEDBlink.o
 .ARM.attributes
                0x000000000000006e       0x29 lib/Debug/libsystem_config.a(init.o)
 .ARM.attributes
                0x0000000000000097       0x3b lib/Debug/libsystem_config.a(startup.o)
 .ARM.attributes
                0x00000000000000d2       0x29 lib/Debug/libsystem_config.a(cp15.o)
 .ARM.attributes
                0x00000000000000fb       0x29 lib/Debug/libsystem_config.a(exceptionhandler.o)
 .ARM.attributes
                0x0000000000000124       0x3b lib/Debug/libsystem_config.a(interrupt.o)
 .ARM.attributes
                0x000000000000015f       0x18 /usr/lib/gcc/arm-none-eabi/4.9.3//libgcc.a(_udivsi3.o)
 .ARM.attributes
                0x0000000000000177       0x18 /usr/lib/gcc/arm-none-eabi/4.9.3//libgcc.a(_divsi3.o)
 .ARM.attributes
                0x000000000000018f       0x18 /usr/lib/gcc/arm-none-eabi/4.9.3//libgcc.a(_dvmd_tls.o)

.debug_frame    0x0000000000000000      0x62c
 .debug_frame   0x0000000000000000      0x178 Debug/gpioLED.o
 .debug_frame   0x0000000000000178       0x4c Debug/gpioLEDBlink.o
 .debug_frame   0x00000000000001c4       0x4c lib/Debug/libsystem_config.a(startup.o)
 .debug_frame   0x0000000000000210      0x3dc lib/Debug/libsystem_config.a(interrupt.o)
 .debug_frame   0x00000000000005ec       0x20 /usr/lib/gcc/arm-none-eabi/4.9.3//libgcc.a(_udivsi3.o)
 .debug_frame   0x000000000000060c       0x20 /usr/lib/gcc/arm-none-eabi/4.9.3//libgcc.a(_divsi3.o)
